2026-09-27 19:51:09 [INFO] bank_account: Создан счет для владельца 'Test' с начальным балансом 1000.0 руб.
2026-09-27 19:51:09 [INFO] bank_account: Создан счет для владельца 'Empty' с начальным балансом 0.0 руб.
2026-09-27 19:51:09 [ERROR] bank_account: Ошибка при создании счета для 'Negative': Начальный баланс не может быть отрицательным (передано: -100.0).
2026-09-27 19:51:09 [INFO] bank_account: Создан счет для владельца 'Test' с начальным балансом 1000.0 руб.
2026-09-27 19:51:09 [INFO] bank_account: Счет 'Test' пополнен на 500.0 руб. Текущий баланс: 1500.0 руб.
2026-09-27 19:51:09 [INFO] bank_account: Создан счет для владельца 'Test' с начальным балансом 1000.0 руб.
2026-09-27 19:51:09 [ERROR] bank_account: Ошибка пополнения счета 'Test': Сумма пополнения должна быть больше нуля (передано: -50.0).
2026-09-27 19:51:09 [INFO] bank_account: Создан счет для владельца 'Test' с начальным балансом 1000.0 руб.
2026-09-27 19:51:09 [INFO] bank_account: Со счета 'Test' снято 300.0 руб. Текущий баланс: 700.0 руб.
2026-09-27 19:51:09 [INFO] bank_account: Создан счет для владельца 'Test' с начальным балансом 1000.0 руб.
2026-09-27 19:51:09 [ERROR] bank_account: Ошибка снятия со счета 'Test': Недостаточно средств. Запрошено: 1500.0 руб., доступно: 1000.0 руб.
2026-09-27 19:51:09 [INFO] bank_account: Создан счет для владельца 'Test' с начальным балансом 1000.0 руб.
2026-09-27 19:51:09 [ERROR] bank_account: Ошибка снятия со счета 'Test': Недостаточно средств. Запрошено: 2000.0 руб., доступно: 1000.0 руб.
2026-09-27 19:51:09 [INFO] bank_account: Создан счет для владельца 'Test' с начальным балансом 1000.0 руб.
2026-09-27 19:51:09 [ERROR] bank_account: Ошибка снятия со счета 'Test': Недостаточно средств. Запрошено: 10000.0 руб., доступно: 1000.0 руб.
2026-09-27 19:51:09 [INFO] bank_account: Создан счет для владельца 'Test' с начальным балансом 1000.0 руб.
2026-09-27 19:51:09 [ERROR] bank_account: Ошибка снятия со счета 'Test': Сумма снятия должна быть больше нуля (передано: -100.0).
2026-09-27 19:51:09 [INFO] bank_account: Создан счет для владельца 'Test' с начальным балансом 1000.0 руб.
2026-09-27 19:51:09 [ERROR] bank_account: Ошибка снятия со счета 'Test': Сумма снятия должна быть больше нуля (передано: -50.0).
2026-09-27 19:51:09 [INFO] bank_account: Создан счет для владельца 'Test' с начальным балансом 1000.0 руб.
2026-09-27 19:51:09 [ERROR] bank_account: Ошибка снятия со счета 'Test': Сумма снятия должна быть больше нуля (передано: -1.0).
2026-09-27 19:51:09 [INFO] bank_account: Создан счет для владельца 'Test' с начальным балансом 1000.0 руб.
2026-09-27 19:51:09 [INFO] bank_account: Создан счет для владельца 'Test' с начальным балансом 1000.0 руб.
2026-09-27 19:51:09 [INFO] bank_account: Создан счет для владельца 'Test' с начальным балансом 1000.0 руб.
2026-09-27 19:51:09 [INFO] bank_account: Создан счет для владельца 'Empty' с начальным балансом 0.0 руб.
2026-09-27 19:51:09 [INFO] bank_account: Счет 'Empty' пополнен на 1000.0 руб. Текущий баланс: 1000.0 руб.
2026-09-27 19:51:09 [INFO] bank_account: Со счета 'Empty' снято 200.0 руб. Текущий баланс: 800.0 руб.
2026-09-27 19:51:09 [INFO] bank_account: Счет 'Empty' пополнен на 300.0 руб. Текущий баланс: 1100.0 руб.
2026-09-28 16:19:44 [INFO] bank_account: Создан счет для владельца 'Test' с начальным балансом 1000.0 руб.
2026-09-28 16:19:44 [INFO] bank_account: Создан счет для владельца 'Empty' с начальным балансом 0.0 руб.
2026-09-28 16:19:44 [ERROR] bank_account: Ошибка при создании счета для 'Negative': Начальный баланс не может быть отрицательным (передано: -100.0).
2026-09-28 16:19:44 [INFO] bank_account: Создан счет для владельца 'Test' с начальным балансом 1000.0 руб.
2026-09-28 16:19:44 [INFO] bank_account: Счет 'Test' пополнен на 500.0 руб. Текущий баланс: 1500.0 руб.
2026-09-28 16:19:44 [INFO] bank_account: Создан счет для владельца 'Test' с начальным балансом 1000.0 руб.
2026-09-28 16:19:44 [ERROR] bank_account: Ошибка пополнения счета 'Test': Сумма пополнения должна быть больше нуля (передано: -50.0).
2026-09-28 16:19:44 [INFO] bank_account: Создан счет для владельца 'Test' с начальным балансом 1000.0 руб.
2026-09-28 16:19:44 [INFO] bank_account: Со счета 'Test' снято 300.0 руб. Текущий баланс: 700.0 руб.
2026-09-28 16:19:44 [INFO] bank_account: Создан счет для владельца 'Test' с начальным балансом 1000.0 руб.
2026-09-28 16:19:44 [ERROR] bank_account: Ошибка снятия со счета 'Test': Недостаточно средств. Запрошено: 1500.0 руб., доступно: 1000.0 руб.
2026-09-28 16:19:44 [INFO] bank_account: Создан счет для владельца 'Test' с начальным балансом 1000.0 руб.
2026-09-28 16:19:44 [ERROR] bank_account: Ошибка снятия со счета 'Test': Недостаточно средств. Запрошено: 2000.0 руб., доступно: 1000.0 руб.
2026-09-28 16:19:44 [INFO] bank_account: Создан счет для владельца 'Test' с начальным балансом 1000.0 руб.
2026-09-28 16:19:44 [ERROR] bank_account: Ошибка снятия со счета 'Test': Недостаточно средств. Запрошено: 10000.0 руб., доступно: 1000.0 руб.
2026-09-28 16:19:44 [INFO] bank_account: Создан счет для владельца 'Test' с начальным балансом 1000.0 руб.
2026-09-28 16:19:44 [ERROR] bank_account: Ошибка снятия со счета 'Test': Сумма снятия должна быть больше нуля (передано: -100.0).
2026-09-28 16:19:44 [INFO] bank_account: Создан счет для владельца 'Test' с начальным балансом 1000.0 руб.
2026-09-28 16:19:44 [ERROR] bank_account: Ошибка снятия со счета 'Test': Сумма снятия должна быть больше нуля (передано: -50.0).
2026-09-28 16:19:44 [INFO] bank_account: Создан счет для владельца 'Test' с начальным балансом 1000.0 руб.
2026-09-28 16:19:44 [ERROR] bank_account: Ошибка снятия со счета 'Test': Сумма снятия должна быть больше нуля (передано: -1.0).
2026-09-28 16:19:44 [INFO] bank_account: Создан счет для владельца 'Test' с начальным балансом 1000.0 руб.
2026-09-28 16:19:44 [INFO] bank_account: Создан счет для владельца 'Test' с начальным балансом 1000.0 руб.
2026-09-28 16:19:44 [INFO] bank_account: Создан счет для владельца 'Test' с начальным балансом 1000.0 руб.
2026-09-28 16:19:44 [INFO] bank_account: Создан счет для владельца 'Empty' с начальным балансом 0.0 руб.
2026-09-28 16:19:44 [INFO] bank_account: Счет 'Empty' пополнен на 1000.0 руб. Текущий баланс: 1000.0 руб.
2026-09-28 16:19:44 [INFO] bank_account: Со счета 'Empty' снято 200.0 руб. Текущий баланс: 800.0 руб.
2026-09-28 16:19:44 [INFO] bank_account: Счет 'Empty' пополнен на 300.0 руб. Текущий баланс: 1100.0 руб.
2026-09-28 16:20:13 [INFO] bank_account: Создан счет для владельца 'Test' с начальным балансом 1000.0 руб.
2026-09-28 16:20:13 [INFO] bank_account: Создан счет для владельца 'Empty' с начальным балансом 0.0 руб.
2026-09-28 16:20:13 [ERROR] bank_account: Ошибка при создании счета для 'Negative': Начальный баланс не может быть отрицательным (передано: -100.0).
2026-09-28 16:20:13 [INFO] bank_account: Создан счет для владельца 'Test' с начальным балансом 1000.0 руб.
2026-09-28 16:20:13 [INFO] bank_account: Счет 'Test' пополнен на 500.0 руб. Текущий баланс: 1500.0 руб.
2026-09-28 16:20:13 [INFO] bank_account: Создан счет для владельца 'Test' с начальным балансом 1000.0 руб.
2026-09-28 16:20:13 [ERROR] bank_account: Ошибка пополнения счета 'Test': Сумма пополнения должна быть больше нуля (передано: -50.0).
2026-09-28 16:20:13 [INFO] bank_account: Создан счет для владельца 'Test' с начальным балансом 1000.0 руб.
2026-09-28 16:20:13 [INFO] bank_account: Со счета 'Test' снято 300.0 руб. Текущий баланс: 700.0 руб.
2026-09-28 16:20:13 [INFO] bank_account: Создан счет для владельца 'Test' с начальным балансом 1000.0 руб.
2026-09-28 16:20:13 [ERROR] bank_account: Ошибка снятия со счета 'Test': Недостаточно средств. Запрошено: 1500.0 руб., доступно: 1000.0 руб.
2026-09-28 16:20:13 [INFO] bank_account: Создан счет для владельца 'Test' с начальным балансом 1000.0 руб.
2026-09-28 16:20:13 [ERROR] bank_account: Ошибка снятия со счета 'Test': Недостаточно средств. Запрошено: 2000.0 руб., доступно: 1000.0 руб.
2026-09-28 16:20:13 [INFO] bank_account: Создан счет для владельца 'Test' с начальным балансом 1000.0 руб.
2026-09-28 16:20:13 [ERROR] bank_account: Ошибка снятия со счета 'Test': Недостаточно средств. Запрошено: 10000.0 руб., доступно: 1000.0 руб.
2026-09-28 16:20:13 [INFO] bank_account: Создан счет для владельца 'Test' с начальным балансом 1000.0 руб.
2026-09-28 16:20:13 [ERROR] bank_account: Ошибка снятия со счета 'Test': Сумма снятия должна быть больше нуля (передано: -100.0).
2026-09-28 16:20:13 [INFO] bank_account: Создан счет для владельца 'Test' с начальным балансом 1000.0 руб.
2026-09-28 16:20:13 [ERROR] bank_account: Ошибка снятия со счета 'Test': Сумма снятия должна быть больше нуля (передано: -50.0).
2026-09-28 16:20:13 [INFO] bank_account: Создан счет для владельца 'Test' с начальным балансом 1000.0 руб.
2026-09-28 16:20:13 [ERROR] bank_account: Ошибка снятия со счета 'Test': Сумма снятия должна быть больше нуля (передано: -1.0).
2026-09-28 16:20:13 [INFO] bank_account: Создан счет для владельца 'Test' с начальным балансом 1000.0 руб.
2026-09-28 16:20:13 [INFO] bank_account: Создан счет для владельца 'Test' с начальным балансом 1000.0 руб.
2026-09-28 16:20:13 [INFO] bank_account: Создан счет для владельца 'Test' с начальным балансом 1000.0 руб.
2026-09-28 16:20:13 [INFO] bank_account: Создан счет для владельца 'Empty' с начальным балансом 0.0 руб.
2026-09-28 16:20:13 [INFO] bank_account: Счет 'Empty' пополнен на 1000.0 руб. Текущий баланс: 1000.0 руб.
2026-09-28 16:20:13 [INFO] bank_account: Со счета 'Empty' снято 200.0 руб. Текущий баланс: 800.0 руб.
2026-09-28 16:20:13 [INFO] bank_account: Счет 'Empty' пополнен на 300.0 руб. Текущий баланс: 1100.0 руб.
2026-09-28 16:40:08 [INFO] bank_account: Создан счет для владельца 'Test' с начальным балансом 1000.0 руб.
2026-09-28 16:40:08 [INFO] bank_account: Создан счет для владельца 'Empty' с начальным балансом 0.0 руб.
2026-09-28 16:40:08 [ERROR] bank_account: Ошибка при создании счета для 'Negative': Начальный баланс не может быть отрицательным (передано: -100.0).
2026-09-28 16:40:08 [INFO] bank_account: Создан счет для владельца 'Test' с начальным балансом 1000.0 руб.
2026-09-28 16:40:08 [INFO] bank_account: Счет 'Test' пополнен на 500.0 руб. Текущий баланс: 1500.0 руб.
2026-09-28 16:40:08 [INFO] bank_account: Создан счет для владельца 'Test' с начальным балансом 1000.0 руб.
2026-09-28 16:40:08 [ERROR] bank_account: Ошибка пополнения счета 'Test': Сумма пополнения должна быть больше нуля (передано: -50.0).
2026-09-28 16:40:08 [INFO] bank_account: Создан счет для владельца 'Test' с начальным балансом 1000.0 руб.
2026-09-28 16:40:08 [INFO] bank_account: Со счета 'Test' снято 300.0 руб. Текущий баланс: 700.0 руб.
2026-09-28 16:40:08 [INFO] bank_account: Создан счет для владельца 'Test' с начальным балансом 1000.0 руб.
2026-09-28 16:40:08 [ERROR] bank_account: Ошибка снятия со счета 'Test': Недостаточно средств. Запрошено: 1500.0 руб., доступно: 1000.0 руб.
2026-09-28 16:40:08 [INFO] bank_account: Создан счет для владельца 'Test' с начальным балансом 1000.0 руб.
2026-09-28 16:40:08 [ERROR] bank_account: Ошибка снятия со счета 'Test': Недостаточно средств. Запрошено: 2000.0 руб., доступно: 1000.0 руб.
2026-09-28 16:40:08 [INFO] bank_account: Создан счет для владельца 'Test' с начальным балансом 1000.0 руб.
2026-09-28 16:40:08 [ERROR] bank_account: Ошибка снятия со счета 'Test': Недостаточно средств. Запрошено: 10000.0 руб., доступно: 1000.0 руб.
2026-09-28 16:40:08 [INFO] bank_account: Создан счет для владельца 'Test' с начальным балансом 1000.0 руб.
2026-09-28 16:40:08 [ERROR] bank_account: Ошибка снятия со счета 'Test': Сумма снятия должна быть больше нуля (передано: -100.0).
2026-09-28 16:40:08 [INFO] bank_account: Создан счет для владельца 'Test' с начальным балансом 1000.0 руб.
2026-09-28 16:40:08 [ERROR] bank_account: Ошибка снятия со счета 'Test': Сумма снятия должна быть больше нуля (передано: -50.0).
2026-09-28 16:40:08 [INFO] bank_account: Создан счет для владельца 'Test' с начальным балансом 1000.0 руб.
2026-09-28 16:40:08 [ERROR] bank_account: Ошибка снятия со счета 'Test': Сумма снятия должна быть больше нуля (передано: -1.0).
2026-09-28 16:40:08 [INFO] bank_account: Создан счет для владельца 'Test' с начальным балансом 1000.0 руб.
2026-09-28 16:40:08 [INFO] bank_account: Создан счет для владельца 'Test' с начальным балансом 1000.0 руб.
2026-09-28 16:40:08 [INFO] bank_account: Создан счет для владельца 'Test' с начальным балансом 1000.0 руб.
2026-09-28 16:40:08 [INFO] bank_account: Создан счет для владельца 'Empty' с начальным балансом 0.0 руб.
2026-09-28 16:40:08 [INFO] bank_account: Счет 'Empty' пополнен на 1000.0 руб. Текущий баланс: 1000.0 руб.
2026-09-28 16:40:08 [INFO] bank_account: Со счета 'Empty' снято 200.0 руб. Текущий баланс: 800.0 руб.
2026-09-28 16:40:08 [INFO] bank_account: Счет 'Empty' пополнен на 300.0 руб. Текущий баланс: 1100.0 руб.
2026-09-28 16:41:09 [INFO] bank_account: Создан счет для владельца 'Test' с начальным балансом 1000.0 руб.
2026-09-28 16:41:09 [INFO] bank_account: Создан счет для владельца 'Empty' с начальным балансом 0.0 руб.
2026-09-28 16:41:09 [ERROR] bank_account: Ошибка при создании счета для 'Negative': Начальный баланс не может быть отрицательным (передано: -100.0).
2026-09-28 16:41:09 [INFO] bank_account: Создан счет для владельца 'Test' с начальным балансом 1000.0 руб.
2026-09-28 16:41:09 [INFO] bank_account: Счет 'Test' пополнен на 500.0 руб. Текущий баланс: 1500.0 руб.
2026-09-28 16:41:09 [INFO] bank_account: Создан счет для владельца 'Test' с начальным балансом 1000.0 руб.
2026-09-28 16:41:09 [ERROR] bank_account: Ошибка пополнения счета 'Test': Сумма пополнения должна быть больше нуля (передано: -50.0).
2026-09-28 16:41:09 [INFO] bank_account: Создан счет для владельца 'Test' с начальным балансом 1000.0 руб.
2026-09-28 16:41:09 [INFO] bank_account: Со счета 'Test' снято 300.0 руб. Текущий баланс: 700.0 руб.
2026-09-28 16:41:09 [INFO] bank_account: Создан счет для владельца 'Test' с начальным балансом 1000.0 руб.
2026-09-28 16:41:09 [ERROR] bank_account: Ошибка снятия со счета 'Test': Недостаточно средств. Запрошено: 1500.0 руб., доступно: 1000.0 руб.
2026-09-28 16:41:09 [INFO] bank_account: Создан счет для владельца 'Test' с начальным балансом 1000.0 руб.
2026-09-28 16:41:09 [ERROR] bank_account: Ошибка снятия со счета 'Test': Недостаточно средств. Запрошено: 2000.0 руб., доступно: 1000.0 руб.
2026-09-28 16:41:09 [INFO] bank_account: Создан счет для владельца 'Test' с начальным балансом 1000.0 руб.
2026-09-28 16:41:09 [ERROR] bank_account: Ошибка снятия со счета 'Test': Недостаточно средств. Запрошено: 10000.0 руб., доступно: 1000.0 руб.
2026-09-28 16:41:09 [INFO] bank_account: Создан счет для владельца 'Test' с начальным балансом 1000.0 руб.
2026-09-28 16:41:09 [ERROR] bank_account: Ошибка снятия со счета 'Test': Сумма снятия должна быть больше нуля (передано: -100.0).
2026-09-28 16:41:09 [INFO] bank_account: Создан счет для владельца 'Test' с начальным балансом 1000.0 руб.
2026-09-28 16:41:09 [ERROR] bank_account: Ошибка снятия со счета 'Test': Сумма снятия должна быть больше нуля (передано: -50.0).
2026-09-28 16:41:09 [INFO] bank_account: Создан счет для владельца 'Test' с начальным балансом 1000.0 руб.
2026-09-28 16:41:09 [ERROR] bank_account: Ошибка снятия со счета 'Test': Сумма снятия должна быть больше нуля (передано: -1.0).
2026-09-28 16:41:09 [INFO] bank_account: Создан счет для владельца 'Test' с начальным балансом 1000.0 руб.
2026-09-28 16:41:09 [INFO] bank_account: Создан счет для владельца 'Test' с начальным балансом 1000.0 руб.
2026-09-28 16:41:09 [INFO] bank_account: Создан счет для владельца 'Test' с начальным балансом 1000.0 руб.
2026-09-28 16:41:09 [INFO] bank_account: Создан счет для владельца 'Empty' с начальным балансом 0.0 руб.
2026-09-28 16:41:09 [INFO] bank_account: Счет 'Empty' пополнен на 1000.0 руб. Текущий баланс: 1000.0 руб.
2026-09-28 16:41:09 [INFO] bank_account: Со счета 'Empty' снято 200.0 руб. Текущий баланс: 800.0 руб.
2026-09-28 16:41:09 [INFO] bank_account: Счет 'Empty' пополнен на 300.0 руб. Текущий баланс: 1100.0 руб.
2026-09-28 16:42:58 [INFO] bank_account: Создан счет для владельца 'Test' с начальным балансом 1000.0 руб.
2026-09-28 16:42:58 [INFO] bank_account: Создан счет для владельца 'Test' с начальным балансом 1000.0 руб.
2026-09-28 16:42:58 [INFO] bank_account: Счет 'Test' пополнен на 500.0 руб. Текущий баланс: 1500.0 руб.
2026-09-28 16:42:58 [INFO] bank_account: Создан счет для владельца 'Test' с начальным балансом 1000.0 руб.
2026-09-28 16:42:58 [INFO] bank_account: Со счета 'Test' снято 300.0 руб. Текущий баланс: 700.0 руб.
2026-09-28 16:55:05 [ERROR] bank_account: Ошибка при создании счета для 'Negative': Начальный баланс не может быть отрицательным (передано: -100.0).
2026-09-28 19:22:22 [INFO] bank_account: Создан счет для владельца 'Test' с начальным балансом 1000.0 руб.
2026-09-28 19:22:22 [INFO] bank_account: Создан счет для владельца 'Empty' с начальным балансом 0.0 руб.
2026-09-28 19:22:22 [ERROR] bank_account: Ошибка при создании счета для 'Negative': Начальный баланс не может быть отрицательным (передано: -100.0).
2026-09-28 19:22:22 [INFO] bank_account: Создан счет для владельца 'Test' с начальным балансом 1000.0 руб.
2026-09-28 19:22:22 [INFO] bank_account: Счет 'Test' пополнен на 500.0 руб. Текущий баланс: 1500.0 руб.
2026-09-28 19:22:22 [INFO] bank_account: Создан счет для владельца 'Test' с начальным балансом 1000.0 руб.
2026-09-28 19:22:22 [ERROR] bank_account: Ошибка пополнения счета 'Test': Сумма пополнения должна быть больше нуля (передано: -50.0).
2026-09-28 19:22:22 [INFO] bank_account: Создан счет для владельца 'Test' с начальным балансом 1000.0 руб.
2026-09-28 19:22:22 [INFO] bank_account: Со счета 'Test' снято 300.0 руб. Текущий баланс: 700.0 руб.
2026-09-28 19:22:22 [INFO] bank_account: Создан счет для владельца 'Test' с начальным балансом 1000.0 руб.
2026-09-28 19:22:22 [ERROR] bank_account: Ошибка снятия со счета 'Test': Недостаточно средств. Запрошено: 1500.0 руб., доступно: 1000.0 руб.
2026-09-28 19:22:22 [INFO] bank_account: Создан счет для владельца 'Test' с начальным балансом 1000.0 руб.
2026-09-28 19:22:22 [ERROR] bank_account: Ошибка снятия со счета 'Test': Недостаточно средств. Запрошено: 2000.0 руб., доступно: 1000.0 руб.
2026-09-28 19:22:22 [INFO] bank_account: Создан счет для владельца 'Test' с начальным балансом 1000.0 руб.
2026-09-28 19:22:22 [ERROR] bank_account: Ошибка снятия со счета 'Test': Недостаточно средств. Запрошено: 10000.0 руб., доступно: 1000.0 руб.
2026-09-28 19:22:22 [INFO] bank_account: Создан счет для владельца 'Test' с начальным балансом 1000.0 руб.
2026-09-28 19:22:22 [ERROR] bank_account: Ошибка снятия со счета 'Test': Сумма снятия должна быть больше нуля (передано: -100.0).
2026-09-28 19:22:22 [INFO] bank_account: Создан счет для владельца 'Test' с начальным балансом 1000.0 руб.
2026-09-28 19:22:22 [ERROR] bank_account: Ошибка снятия со счета 'Test': Сумма снятия должна быть больше нуля (передано: -50.0).
2026-09-28 19:22:22 [INFO] bank_account: Создан счет для владельца 'Test' с начальным балансом 1000.0 руб.
2026-09-28 19:22:22 [ERROR] bank_account: Ошибка снятия со счета 'Test': Сумма снятия должна быть больше нуля (передано: -1.0).
2026-09-28 19:22:22 [INFO] bank_account: Создан счет для владельца 'Test' с начальным балансом 1000.0 руб.
2026-09-28 19:22:22 [INFO] bank_account: Создан счет для владельца 'Test' с начальным балансом 1000.0 руб.
2026-09-28 19:22:22 [INFO] bank_account: Создан счет для владельца 'Test' с начальным балансом 1000.0 руб.
2026-09-28 19:22:22 [INFO] bank_account: Создан счет для владельца 'Empty' с начальным балансом 0.0 руб.
2026-09-28 19:22:22 [INFO] bank_account: Счет 'Empty' пополнен на 1000.0 руб. Текущий баланс: 1000.0 руб.
2026-09-28 19:22:22 [INFO] bank_account: Со счета 'Empty' снято 200.0 руб. Текущий баланс: 800.0 руб.
2026-09-28 19:22:22 [INFO] bank_account: Счет 'Empty' пополнен на 300.0 руб. Текущий баланс: 1100.0 руб.
2026-09-28 19:22:59 [INFO] bank_account: Создан счет для владельца 'Test' с начальным балансом 1000.0 руб.
2026-09-28 19:22:59 [INFO] bank_account: Создан счет для владельца 'Empty' с начальным балансом 0.0 руб.
2026-09-28 19:22:59 [ERROR] bank_account: Ошибка при создании счета для 'Negative': Начальный баланс не может быть отрицательным (передано: -100.0).
2026-09-28 19:22:59 [INFO] bank_account: Создан счет для владельца 'Test' с начальным балансом 1000.0 руб.
2026-09-28 19:22:59 [INFO] bank_account: Счет 'Test' пополнен на 500.0 руб. Текущий баланс: 1500.0 руб.
2026-09-28 19:22:59 [INFO] bank_account: Создан счет для владельца 'Test' с начальным балансом 1000.0 руб.
2026-09-28 19:22:59 [ERROR] bank_account: Ошибка пополнения счета 'Test': Сумма пополнения должна быть больше нуля (передано: -50.0).
2026-09-28 19:22:59 [INFO] bank_account: Создан счет для владельца 'Test' с начальным балансом 1000.0 руб.
2026-09-28 19:22:59 [INFO] bank_account: Со счета 'Test' снято 300.0 руб. Текущий баланс: 700.0 руб.
2026-09-28 19:22:59 [INFO] bank_account: Создан счет для владельца 'Test' с начальным балансом 1000.0 руб.
2026-09-28 19:22:59 [ERROR] bank_account: Ошибка снятия со счета 'Test': Недостаточно средств. Запрошено: 1500.0 руб., доступно: 1000.0 руб.
2026-09-28 19:22:59 [INFO] bank_account: Создан счет для владельца 'Test' с начальным балансом 1000.0 руб.
2026-09-28 19:22:59 [ERROR] bank_account: Ошибка снятия со счета 'Test': Недостаточно средств. Запрошено: 2000.0 руб., доступно: 1000.0 руб.
2026-09-28 19:22:59 [INFO] bank_account: Создан счет для владельца 'Test' с начальным балансом 1000.0 руб.
2026-09-28 19:22:59 [ERROR] bank_account: Ошибка снятия со счета 'Test': Недостаточно средств. Запрошено: 10000.0 руб., доступно: 1000.0 руб.
2026-09-28 19:22:59 [INFO] bank_account: Создан счет для владельца 'Test' с начальным балансом 1000.0 руб.
2026-09-28 19:22:59 [ERROR] bank_account: Ошибка снятия со счета 'Test': Сумма снятия должна быть больше нуля (передано: -100.0).
2026-09-28 19:22:59 [INFO] bank_account: Создан счет для владельца 'Test' с начальным балансом 1000.0 руб.
2026-09-28 19:22:59 [ERROR] bank_account: Ошибка снятия со счета 'Test': Сумма снятия должна быть больше нуля (передано: -50.0).
2026-09-28 19:22:59 [INFO] bank_account: Создан счет для владельца 'Test' с начальным балансом 1000.0 руб.
2026-09-28 19:22:59 [ERROR] bank_account: Ошибка снятия со счета 'Test': Сумма снятия должна быть больше нуля (передано: -1.0).
2026-09-28 19:22:59 [INFO] bank_account: Создан счет для владельца 'Test' с начальным балансом 1000.0 руб.
2026-09-28 19:22:59 [INFO] bank_account: Создан счет для владельца 'Test' с начальным балансом 1000.0 руб.
2026-09-28 19:22:59 [INFO] bank_account: Создан счет для владельца 'Test' с начальным балансом 1000.0 руб.
2026-09-28 19:22:59 [INFO] bank_account: Создан счет для владельца 'Empty' с начальным балансом 0.0 руб.
2026-09-28 19:22:59 [INFO] bank_account: Счет 'Empty' пополнен на 1000.0 руб. Текущий баланс: 1000.0 руб.
2026-09-28 19:22:59 [INFO] bank_account: Со счета 'Empty' снято 200.0 руб. Текущий баланс: 800.0 руб.
2026-09-28 19:22:59 [INFO] bank_account: Счет 'Empty' пополнен на 300.0 руб. Текущий баланс: 1100.0 руб.
2026-09-28 19:23:41 [INFO] bank_account: Создан счет для владельца 'Test' с начальным балансом 1000.0 руб.
2026-09-28 19:23:41 [INFO] bank_account: Создан счет для владельца 'Empty' с начальным балансом 0.0 руб.
2026-09-28 19:23:41 [ERROR] bank_account: Ошибка при создании счета для 'Negative': Начальный баланс не может быть отрицательным (передано: -100.0).
2026-09-28 19:23:41 [INFO] bank_account: Создан счет для владельца 'Test' с начальным балансом 1000.0 руб.
2026-09-28 19:23:41 [INFO] bank_account: Счет 'Test' пополнен на 500.0 руб. Текущий баланс: 1500.0 руб.
2026-09-28 19:23:41 [INFO] bank_account: Создан счет для владельца 'Test' с начальным балансом 1000.0 руб.
2026-09-28 19:23:41 [ERROR] bank_account: Ошибка пополнения счета 'Test': Сумма пополнения должна быть больше нуля (передано: -50.0).
2026-09-28 19:23:41 [INFO] bank_account: Создан счет для владельца 'Test' с начальным балансом 1000.0 руб.
2026-09-28 19:23:41 [INFO] bank_account: Со счета 'Test' снято 300.0 руб. Текущий баланс: 700.0 руб.
2026-09-28 19:23:41 [INFO] bank_account: Создан счет для владельца 'Test' с начальным балансом 1000.0 руб.
2026-09-28 19:23:41 [ERROR] bank_account: Ошибка снятия со счета 'Test': Недостаточно средств. Запрошено: 1500.0 руб., доступно: 1000.0 руб.
2026-09-28 19:23:41 [INFO] bank_account: Создан счет для владельца 'Test' с начальным балансом 1000.0 руб.
2026-09-28 19:23:41 [ERROR] bank_account: Ошибка снятия со счета 'Test': Недостаточно средств. Запрошено: 2000.0 руб., доступно: 1000.0 руб.
2026-09-28 19:23:41 [INFO] bank_account: Создан счет для владельца 'Test' с начальным балансом 1000.0 руб.
2026-09-28 19:23:41 [ERROR] bank_account: Ошибка снятия со счета 'Test': Недостаточно средств. Запрошено: 10000.0 руб., доступно: 1000.0 руб.
2026-09-28 19:23:41 [INFO] bank_account: Создан счет для владельца 'Test' с начальным балансом 1000.0 руб.
2026-09-28 19:23:41 [ERROR] bank_account: Ошибка снятия со счета 'Test': Сумма снятия должна быть больше нуля (передано: -100.0).
2026-09-28 19:23:41 [INFO] bank_account: Создан счет для владельца 'Test' с начальным балансом 1000.0 руб.
2026-09-28 19:23:41 [ERROR] bank_account: Ошибка снятия со счета 'Test': Сумма снятия должна быть больше нуля (передано: -50.0).
2026-09-28 19:23:41 [INFO] bank_account: Создан счет для владельца 'Test' с начальным балансом 1000.0 руб.
2026-09-28 19:23:41 [ERROR] bank_account: Ошибка снятия со счета 'Test': Сумма снятия должна быть больше нуля (передано: -1.0).
2026-09-28 19:23:41 [INFO] bank_account: Создан счет для владельца 'Test' с начальным балансом 1000.0 руб.
2026-09-28 19:23:41 [INFO] bank_account: Создан счет для владельца 'Test' с начальным балансом 1000.0 руб.
2026-09-28 19:23:41 [INFO] bank_account: Создан счет для владельца 'Test' с начальным балансом 1000.0 руб.
2026-09-28 19:23:41 [INFO] bank_account: Создан счет для владельца 'Empty' с начальным балансом 0.0 руб.
2026-09-28 19:23:41 [INFO] bank_account: Счет 'Empty' пополнен на 1000.0 руб. Текущий баланс: 1000.0 руб.
2026-09-28 19:23:41 [INFO] bank_account: Со счета 'Empty' снято 200.0 руб. Текущий баланс: 800.0 руб.
2026-09-28 19:23:41 [INFO] bank_account: Счет 'Empty' пополнен на 300.0 руб. Текущий баланс: 1100.0 руб.
2026-09-28 19:24:04 [INFO] bank_account: Создан счет для владельца 'Test' с начальным балансом 1000.0 руб.
2026-09-28 19:24:04 [INFO] bank_account: Создан счет для владельца 'Test' с начальным балансом 1000.0 руб.
2026-09-28 19:24:04 [INFO] bank_account: Счет 'Test' пополнен на 500.0 руб. Текущий баланс: 1500.0 руб.
2026-09-28 19:24:04 [INFO] bank_account: Создан счет для владельца 'Test' с начальным балансом 1000.0 руб.
2026-09-28 19:24:04 [INFO] bank_account: Со счета 'Test' снято 300.0 руб. Текущий баланс: 700.0 руб.
2026-09-28 19:24:28 [ERROR] bank_account: Ошибка при создании счета для 'Negative': Начальный баланс не может быть отрицательным (передано: -100.0).
2026-09-28 19:24:58 [ERROR] bank_account: Ошибка при создании счета для 'Negative': Начальный баланс не может быть отрицательным (передано: -100.0).
2026-09-28 19:24:58 [INFO] bank_account: Создан счет для владельца 'Test' с начальным балансом 1000.0 руб.
2026-09-28 19:24:58 [ERROR] bank_account: Ошибка пополнения счета 'Test': Сумма пополнения должна быть больше нуля (передано: -50.0).
2026-09-28 19:24:58 [INFO] bank_account: Создан счет для владельца 'Test' с начальным балансом 1000.0 руб.
2026-09-28 19:24:58 [ERROR] bank_account: Ошибка снятия со счета 'Test': Недостаточно средств. Запрошено: 1500.0 руб., доступно: 1000.0 руб.
2026-09-28 19:24:58 [INFO] bank_account: Создан счет для владельца 'Test' с начальным балансом 1000.0 руб.
2026-09-28 19:24:58 [ERROR] bank_account: Ошибка снятия со счета 'Test': Недостаточно средств. Запрошено: 2000.0 руб., доступно: 1000.0 руб.
2026-09-28 19:24:58 [INFO] bank_account: Создан счет для владельца 'Test' с начальным балансом 1000.0 руб.
2026-09-28 19:24:58 [ERROR] bank_account: Ошибка снятия со счета 'Test': Недостаточно средств. Запрошено: 10000.0 руб., доступно: 1000.0 руб.
2026-09-28 19:24:58 [INFO] bank_account: Создан счет для владельца 'Test' с начальным балансом 1000.0 руб.
2026-09-28 19:24:58 [ERROR] bank_account: Ошибка снятия со счета 'Test': Сумма снятия должна быть больше нуля (передано: -100.0).
2026-09-28 19:24:58 [INFO] bank_account: Создан счет для владельца 'Test' с начальным балансом 1000.0 руб.
2026-09-28 19:24:58 [ERROR] bank_account: Ошибка снятия со счета 'Test': Сумма снятия должна быть больше нуля (передано: -50.0).
2026-09-28 19:24:58 [INFO] bank_account: Создан счет для владельца 'Test' с начальным балансом 1000.0 руб.
2026-09-28 19:24:58 [ERROR] bank_account: Ошибка снятия со счета 'Test': Сумма снятия должна быть больше нуля (передано: -1.0).
2026-09-28 19:28:17 [INFO] bank_account: Создан счет для владельца 'Test' с начальным балансом 1000.0 руб.
2026-09-28 19:28:17 [INFO] bank_account: Создан счет для владельца 'Empty' с начальным балансом 0.0 руб.
2026-09-28 19:28:17 [ERROR] bank_account: Ошибка при создании счета для 'Negative': Начальный баланс не может быть отрицательным (передано: -100.0).
2026-09-28 19:28:17 [INFO] bank_account: Создан счет для владельца 'Test' с начальным балансом 1000.0 руб.
2026-09-28 19:28:17 [INFO] bank_account: Счет 'Test' пополнен на 500.0 руб. Текущий баланс: 1500.0 руб.
2026-09-28 19:28:17 [INFO] bank_account: Создан счет для владельца 'Test' с начальным балансом 1000.0 руб.
2026-09-28 19:28:17 [ERROR] bank_account: Ошибка пополнения счета 'Test': Сумма пополнения должна быть больше нуля (передано: -50.0).
2026-09-28 19:28:17 [INFO] bank_account: Создан счет для владельца 'Test' с начальным балансом 1000.0 руб.
2026-09-28 19:28:17 [INFO] bank_account: Со счета 'Test' снято 300.0 руб. Текущий баланс: 700.0 руб.
2026-09-28 19:28:17 [INFO] bank_account: Создан счет для владельца 'Test' с начальным балансом 1000.0 руб.
2026-09-28 19:28:17 [ERROR] bank_account: Ошибка снятия со счета 'Test': Недостаточно средств. Запрошено: 1500.0 руб., доступно: 1000.0 руб.
2026-09-28 19:28:17 [INFO] bank_account: Создан счет для владельца 'Test' с начальным балансом 1000.0 руб.
2026-09-28 19:28:17 [ERROR] bank_account: Ошибка снятия со счета 'Test': Недостаточно средств. Запрошено: 2000.0 руб., доступно: 1000.0 руб.
2026-09-28 19:28:17 [INFO] bank_account: Создан счет для владельца 'Test' с начальным балансом 1000.0 руб.
2026-09-28 19:28:17 [ERROR] bank_account: Ошибка снятия со счета 'Test': Недостаточно средств. Запрошено: 10000.0 руб., доступно: 1000.0 руб.
2026-09-28 19:28:17 [INFO] bank_account: Создан счет для владельца 'Test' с начальным балансом 1000.0 руб.
2026-09-28 19:28:17 [ERROR] bank_account: Ошибка снятия со счета 'Test': Сумма снятия должна быть больше нуля (передано: -100.0).
2026-09-28 19:28:17 [INFO] bank_account: Создан счет для владельца 'Test' с начальным балансом 1000.0 руб.
2026-09-28 19:28:17 [ERROR] bank_account: Ошибка снятия со счета 'Test': Сумма снятия должна быть больше нуля (передано: -50.0).
2026-09-28 19:28:17 [INFO] bank_account: Создан счет для владельца 'Test' с начальным балансом 1000.0 руб.
2026-09-28 19:28:17 [ERROR] bank_account: Ошибка снятия со счета 'Test': Сумма снятия должна быть больше нуля (передано: -1.0).
2026-09-28 19:28:17 [INFO] bank_account: Создан счет для владельца 'Test' с начальным балансом 1000.0 руб.
2026-09-28 19:28:17 [INFO] bank_account: Создан счет для владельца 'Test' с начальным балансом 1000.0 руб.
2026-09-28 19:28:17 [INFO] bank_account: Создан счет для владельца 'Test' с начальным балансом 1000.0 руб.
2026-09-28 19:28:17 [INFO] bank_account: Создан счет для владельца 'Empty' с начальным балансом 0.0 руб.
2026-09-28 19:28:17 [INFO] bank_account: Счет 'Empty' пополнен на 1000.0 руб. Текущий баланс: 1000.0 руб.
2026-09-28 19:28:17 [INFO] bank_account: Со счета 'Empty' снято 200.0 руб. Текущий баланс: 800.0 руб.
2026-09-28 19:28:17 [INFO] bank_account: Счет 'Empty' пополнен на 300.0 руб. Текущий баланс: 1100.0 руб.
2026-09-28 19:28:44 [INFO] bank_account: Создан счет для владельца 'Test' с начальным балансом 1000.0 руб.
2026-09-28 19:28:44 [INFO] bank_account: Создан счет для владельца 'Empty' с начальным балансом 0.0 руб.
2026-09-28 19:28:44 [ERROR] bank_account: Ошибка при создании счета для 'Negative': Начальный баланс не может быть отрицательным (передано: -100.0).
2026-09-28 19:28:44 [INFO] bank_account: Создан счет для владельца 'Test' с начальным балансом 1000.0 руб.
2026-09-28 19:28:44 [INFO] bank_account: Счет 'Test' пополнен на 500.0 руб. Текущий баланс: 1500.0 руб.
2026-09-28 19:28:44 [INFO] bank_account: Создан счет для владельца 'Test' с начальным балансом 1000.0 руб.
2026-09-28 19:28:44 [ERROR] bank_account: Ошибка пополнения счета 'Test': Сумма пополнения должна быть больше нуля (передано: -50.0).
2026-09-28 19:28:44 [INFO] bank_account: Создан счет для владельца 'Test' с начальным балансом 1000.0 руб.
2026-09-28 19:28:44 [INFO] bank_account: Со счета 'Test' снято 300.0 руб. Текущий баланс: 700.0 руб.
2026-09-28 19:28:44 [INFO] bank_account: Создан счет для владельца 'Test' с начальным балансом 1000.0 руб.
2026-09-28 19:28:44 [ERROR] bank_account: Ошибка снятия со счета 'Test': Недостаточно средств. Запрошено: 1500.0 руб., доступно: 1000.0 руб.
2026-09-28 19:28:44 [INFO] bank_account: Создан счет для владельца 'Test' с начальным балансом 1000.0 руб.
2026-09-28 19:28:44 [ERROR] bank_account: Ошибка снятия со счета 'Test': Недостаточно средств. Запрошено: 2000.0 руб., доступно: 1000.0 руб.
2026-09-28 19:28:44 [INFO] bank_account: Создан счет для владельца 'Test' с начальным балансом 1000.0 руб.
2026-09-28 19:28:44 [ERROR] bank_account: Ошибка снятия со счета 'Test': Недостаточно средств. Запрошено: 10000.0 руб., доступно: 1000.0 руб.
2026-09-28 19:28:44 [INFO] bank_account: Создан счет для владельца 'Test' с начальным балансом 1000.0 руб.
2026-09-28 19:28:44 [ERROR] bank_account: Ошибка снятия со счета 'Test': Сумма снятия должна быть больше нуля (передано: -100.0).
2026-09-28 19:28:44 [INFO] bank_account: Создан счет для владельца 'Test' с начальным балансом 1000.0 руб.
2026-09-28 19:28:44 [ERROR] bank_account: Ошибка снятия со счета 'Test': Сумма снятия должна быть больше нуля (передано: -50.0).
2026-09-28 19:28:44 [INFO] bank_account: Создан счет для владельца 'Test' с начальным балансом 1000.0 руб.
2026-09-28 19:28:44 [ERROR] bank_account: Ошибка снятия со счета 'Test': Сумма снятия должна быть больше нуля (передано: -1.0).
2026-09-28 19:28:44 [INFO] bank_account: Создан счет для владельца 'Test' с начальным балансом 1000.0 руб.
2026-09-28 19:28:44 [INFO] bank_account: Создан счет для владельца 'Test' с начальным балансом 1000.0 руб.
2026-09-28 19:28:44 [INFO] bank_account: Создан счет для владельца 'Test' с начальным балансом 1000.0 руб.
2026-09-28 19:28:44 [INFO] bank_account: Создан счет для владельца 'Empty' с начальным балансом 0.0 руб.
2026-09-28 19:28:44 [INFO] bank_account: Счет 'Empty' пополнен на 1000.0 руб. Текущий баланс: 1000.0 руб.
2026-09-28 19:28:44 [INFO] bank_account: Со счета 'Empty' снято 200.0 руб. Текущий баланс: 800.0 руб.
2026-09-28 19:28:44 [INFO] bank_account: Счет 'Empty' пополнен на 300.0 руб. Текущий баланс: 1100.0 руб.
2026-09-28 19:30:06 [INFO] bank_account: Создан счет для владельца 'Test' с начальным балансом 1000.0 руб.
2026-09-28 19:30:06 [INFO] bank_account: Создан счет для владельца 'Test' с начальным балансом 1000.0 руб.
2026-09-28 19:30:06 [INFO] bank_account: Счет 'Test' пополнен на 500.0 руб. Текущий баланс: 1500.0 руб.
2026-09-28 19:30:06 [INFO] bank_account: Создан счет для владельца 'Test' с начальным балансом 1000.0 руб.
2026-09-28 19:30:06 [INFO] bank_account: Со счета 'Test' снято 300.0 руб. Текущий баланс: 700.0 руб.
2026-09-28 19:30:25 [ERROR] bank_account: Ошибка при создании счета для 'Negative': Начальный баланс не может быть отрицательным (передано: -100.0).
2026-09-28 19:30:25 [INFO] bank_account: Создан счет для владельца 'Test' с начальным балансом 1000.0 руб.
2026-09-28 19:30:25 [ERROR] bank_account: Ошибка пополнения счета 'Test': Сумма пополнения должна быть больше нуля (передано: -50.0).
2026-09-28 19:30:25 [INFO] bank_account: Создан счет для владельца 'Test' с начальным балансом 1000.0 руб.
2026-09-28 19:30:25 [ERROR] bank_account: Ошибка снятия со счета 'Test': Недостаточно средств. Запрошено: 1500.0 руб., доступно: 1000.0 руб.
2026-09-28 19:30:25 [INFO] bank_account: Создан счет для владельца 'Test' с начальным балансом 1000.0 руб.
2026-09-28 19:30:25 [ERROR] bank_account: Ошибка снятия со счета 'Test': Недостаточно средств. Запрошено: 2000.0 руб., доступно: 1000.0 руб.
2026-09-28 19:30:25 [INFO] bank_account: Создан счет для владельца 'Test' с начальным балансом 1000.0 руб.
2026-09-28 19:30:25 [ERROR] bank_account: Ошибка снятия со счета 'Test': Недостаточно средств. Запрошено: 10000.0 руб., доступно: 1000.0 руб.
2026-09-28 19:30:25 [INFO] bank_account: Создан счет для владельца 'Test' с начальным балансом 1000.0 руб.
2026-09-28 19:30:25 [ERROR] bank_account: Ошибка снятия со счета 'Test': Сумма снятия должна быть больше нуля (передано: -100.0).
2026-09-28 19:30:25 [INFO] bank_account: Создан счет для владельца 'Test' с начальным балансом 1000.0 руб.
2026-09-28 19:30:25 [ERROR] bank_account: Ошибка снятия со счета 'Test': Сумма снятия должна быть больше нуля (передано: -50.0).
2026-09-28 19:30:25 [INFO] bank_account: Создан счет для владельца 'Test' с начальным балансом 1000.0 руб.
2026-09-28 19:30:25 [ERROR] bank_account: Ошибка снятия со счета 'Test': Сумма снятия должна быть больше нуля (передано: -1.0).
2026-09-28 19:30:45 [ERROR] bank_account: Ошибка при создании счета для 'Negative': Начальный баланс не может быть отрицательным (передано: -100.0).
2026-09-28 19:30:45 [INFO] bank_account: Создан счет для владельца 'Test' с начальным балансом 1000.0 руб.
2026-09-28 19:30:45 [ERROR] bank_account: Ошибка пополнения счета 'Test': Сумма пополнения должна быть больше нуля (передано: -50.0).
2026-09-28 19:30:45 [INFO] bank_account: Создан счет для владельца 'Test' с начальным балансом 1000.0 руб.
2026-09-28 19:30:45 [ERROR] bank_account: Ошибка снятия со счета 'Test': Недостаточно средств. Запрошено: 1500.0 руб., доступно: 1000.0 руб.
2026-09-28 19:30:45 [INFO] bank_account: Создан счет для владельца 'Test' с начальным балансом 1000.0 руб.
2026-09-28 19:30:45 [ERROR] bank_account: Ошибка снятия со счета 'Test': Недостаточно средств. Запрошено: 2000.0 руб., доступно: 1000.0 руб.
2026-09-28 19:30:45 [INFO] bank_account: Создан счет для владельца 'Test' с начальным балансом 1000.0 руб.
2026-09-28 19:30:45 [ERROR] bank_account: Ошибка снятия со счета 'Test': Недостаточно средств. Запрошено: 10000.0 руб., доступно: 1000.0 руб.
2026-09-28 19:30:45 [INFO] bank_account: Создан счет для владельца 'Test' с начальным балансом 1000.0 руб.
2026-09-28 19:30:45 [ERROR] bank_account: Ошибка снятия со счета 'Test': Сумма снятия должна быть больше нуля (передано: -100.0).
2026-09-28 19:30:45 [INFO] bank_account: Создан счет для владельца 'Test' с начальным балансом 1000.0 руб.
2026-09-28 19:30:45 [ERROR] bank_account: Ошибка снятия со счета 'Test': Сумма снятия должна быть больше нуля (передано: -50.0).
2026-09-28 19:30:45 [INFO] bank_account: Создан счет для владельца 'Test' с начальным балансом 1000.0 руб.
2026-09-28 19:30:45 [ERROR] bank_account: Ошибка снятия со счета 'Test': Сумма снятия должна быть больше нуля (передано: -1.0).
