2026-09-20 13:12:35 [INFO] bank_account: Создан счет для владельца 'Test' с начальным балансом 1000.0 руб.
2026-09-20 13:12:35 [INFO] bank_account: Создан счет для владельца 'Empty' с начальным балансом 0.0 руб.
2026-09-20 13:12:35 [ERROR] bank_account: Ошибка при создании счета для 'Negative': Начальный баланс не может быть отрицательным (передано: -100.0).
2026-09-20 13:12:35 [INFO] bank_account: Создан счет для владельца 'Test' с начальным балансом 1000.0 руб.
2026-09-20 13:12:35 [INFO] bank_account: Счет 'Test' пополнен на 500.0 руб. Текущий баланс: 1500.0 руб.
2026-09-20 13:12:35 [INFO] bank_account: Создан счет для владельца 'Test' с начальным балансом 1000.0 руб.
2026-09-20 13:12:35 [ERROR] bank_account: Ошибка пополнения счета 'Test': Сумма пополнения должна быть больше нуля (передано: -50.0).
2026-09-20 13:12:35 [INFO] bank_account: Создан счет для владельца 'Test' с начальным балансом 1000.0 руб.
2026-09-20 13:12:35 [INFO] bank_account: Со счета 'Test' снято 300.0 руб. Текущий баланс: 700.0 руб.
2026-09-20 13:12:35 [INFO] bank_account: Создан счет для владельца 'Test' с начальным балансом 1000.0 руб.
2026-09-20 13:12:35 [ERROR] bank_account: Ошибка снятия со счета 'Test': Недостаточно средств. Запрошено: 1500.0 руб., доступно: 1000.0 руб.
2026-09-20 13:12:35 [INFO] bank_account: Создан счет для владельца 'Test' с начальным балансом 1000.0 руб.
2026-09-20 13:12:35 [ERROR] bank_account: Ошибка снятия со счета 'Test': Сумма снятия должна быть больше нуля (передано: -100.0).
2026-09-20 13:12:35 [INFO] bank_account: Создан счет для владельца 'Test' с начальным балансом 1000.0 руб.
2026-09-20 13:12:35 [INFO] bank_account: Создан счет для владельца 'Test' с начальным балансом 1000.0 руб.
2026-09-20 13:17:54 [INFO] bank_account: Создан счет для владельца 'Test' с начальным балансом 1000.0 руб.
2026-09-20 13:17:54 [INFO] bank_account: Создан счет для владельца 'Empty' с начальным балансом 0.0 руб.
2026-09-20 13:17:54 [ERROR] bank_account: Ошибка при создании счета для 'Negative': Начальный баланс не может быть отрицательным (передано: -100.0).
2026-09-20 13:17:54 [INFO] bank_account: Создан счет для владельца 'Test' с начальным балансом 1000.0 руб.
2026-09-20 13:17:54 [INFO] bank_account: Счет 'Test' пополнен на 500.0 руб. Текущий баланс: 1500.0 руб.
2026-09-20 13:17:54 [INFO] bank_account: Создан счет для владельца 'Test' с начальным балансом 1000.0 руб.
2026-09-20 13:17:54 [ERROR] bank_account: Ошибка пополнения счета 'Test': Сумма пополнения должна быть больше нуля (передано: -50.0).
2026-09-20 13:17:54 [INFO] bank_account: Создан счет для владельца 'Test' с начальным балансом 1000.0 руб.
2026-09-20 13:17:54 [INFO] bank_account: Со счета 'Test' снято 300.0 руб. Текущий баланс: 700.0 руб.
2026-09-20 13:17:54 [INFO] bank_account: Создан счет для владельца 'Test' с начальным балансом 1000.0 руб.
2026-09-20 13:17:54 [ERROR] bank_account: Ошибка снятия со счета 'Test': Недостаточно средств. Запрошено: 1500.0 руб., доступно: 1000.0 руб.
2026-09-20 13:17:54 [INFO] bank_account: Создан счет для владельца 'Test' с начальным балансом 1000.0 руб.
2026-09-20 13:17:54 [ERROR] bank_account: Ошибка снятия со счета 'Test': Сумма снятия должна быть больше нуля (передано: -100.0).
2026-09-20 13:17:54 [INFO] bank_account: Создан счет для владельца 'Test' с начальным балансом 1000.0 руб.
2026-09-20 13:17:54 [INFO] bank_account: Создан счет для владельца 'Test' с начальным балансом 1000.0 руб.
2026-09-20 13:17:54 [INFO] bank_account: Создан счет для владельца 'Test' с начальным балансом 1000.0 руб.
2026-09-20 13:23:34 [INFO] bank_account: Создан счет для владельца 'Test' с начальным балансом 1000.0 руб.
2026-09-20 13:23:34 [INFO] bank_account: Создан счет для владельца 'Empty' с начальным балансом 0.0 руб.
2026-09-20 13:23:34 [ERROR] bank_account: Ошибка при создании счета для 'Negative': Начальный баланс не может быть отрицательным (передано: -100.0).
2026-09-20 13:23:34 [INFO] bank_account: Создан счет для владельца 'Test' с начальным балансом 1000.0 руб.
2026-09-20 13:23:34 [INFO] bank_account: Счет 'Test' пополнен на 500.0 руб. Текущий баланс: 1500.0 руб.
2026-09-20 13:23:34 [INFO] bank_account: Создан счет для владельца 'Test' с начальным балансом 1000.0 руб.
2026-09-20 13:23:34 [ERROR] bank_account: Ошибка пополнения счета 'Test': Сумма пополнения должна быть больше нуля (передано: -50.0).
2026-09-20 13:23:34 [INFO] bank_account: Создан счет для владельца 'Test' с начальным балансом 1000.0 руб.
2026-09-20 13:23:34 [INFO] bank_account: Со счета 'Test' снято 300.0 руб. Текущий баланс: 700.0 руб.
2026-09-20 13:23:34 [INFO] bank_account: Создан счет для владельца 'Test' с начальным балансом 1000.0 руб.
2026-09-20 13:23:34 [ERROR] bank_account: Ошибка снятия со счета 'Test': Недостаточно средств. Запрошено: 1500.0 руб., доступно: 1000.0 руб.
2026-09-20 13:23:34 [INFO] bank_account: Создан счет для владельца 'Test' с начальным балансом 1000.0 руб.
2026-09-20 13:23:34 [ERROR] bank_account: Ошибка снятия со счета 'Test': Сумма снятия должна быть больше нуля (передано: -100.0).
2026-09-20 13:23:34 [INFO] bank_account: Создан счет для владельца 'Test' с начальным балансом 1000.0 руб.
2026-09-20 13:23:34 [INFO] bank_account: Создан счет для владельца 'Test' с начальным балансом 1000.0 руб.
2026-09-20 13:23:34 [INFO] bank_account: Создан счет для владельца 'Test' с начальным балансом 1000.0 руб.
2026-09-20 13:25:09 [INFO] bank_account: Создан счет для владельца 'Test' с начальным балансом 1000.0 руб.
2026-09-20 13:25:09 [INFO] bank_account: Создан счет для владельца 'Empty' с начальным балансом 0.0 руб.
2026-09-20 13:25:09 [ERROR] bank_account: Ошибка при создании счета для 'Negative': Начальный баланс не может быть отрицательным (передано: -100.0).
2026-09-20 13:25:09 [INFO] bank_account: Создан счет для владельца 'Test' с начальным балансом 1000.0 руб.
2026-09-20 13:25:09 [INFO] bank_account: Счет 'Test' пополнен на 500.0 руб. Текущий баланс: 1500.0 руб.
2026-09-20 13:25:09 [INFO] bank_account: Создан счет для владельца 'Test' с начальным балансом 1000.0 руб.
2026-09-20 13:25:09 [ERROR] bank_account: Ошибка пополнения счета 'Test': Сумма пополнения должна быть больше нуля (передано: -50.0).
2026-09-20 13:25:09 [INFO] bank_account: Создан счет для владельца 'Test' с начальным балансом 1000.0 руб.
2026-09-20 13:25:09 [INFO] bank_account: Со счета 'Test' снято 300.0 руб. Текущий баланс: 700.0 руб.
2026-09-20 13:25:09 [INFO] bank_account: Создан счет для владельца 'Test' с начальным балансом 1000.0 руб.
2026-09-20 13:25:09 [ERROR] bank_account: Ошибка снятия со счета 'Test': Недостаточно средств. Запрошено: 1500.0 руб., доступно: 1000.0 руб.
2026-09-20 13:25:09 [INFO] bank_account: Создан счет для владельца 'Test' с начальным балансом 1000.0 руб.
2026-09-20 13:25:09 [ERROR] bank_account: Ошибка снятия со счета 'Test': Сумма снятия должна быть больше нуля (передано: -100.0).
2026-09-20 13:25:09 [INFO] bank_account: Создан счет для владельца 'Test' с начальным балансом 1000.0 руб.
2026-09-20 13:25:09 [INFO] bank_account: Создан счет для владельца 'Test' с начальным балансом 1000.0 руб.
2026-09-20 13:25:09 [INFO] bank_account: Создан счет для владельца 'Test' с начальным балансом 1000.0 руб.
2026-09-20 19:29:05 [INFO] bank_account: Создан счет для владельца 'Test' с начальным балансом 1000.0 руб.
2026-09-20 19:29:05 [INFO] bank_account: Создан счет для владельца 'Empty' с начальным балансом 0.0 руб.
2026-09-20 19:29:05 [ERROR] bank_account: Ошибка при создании счета для 'Negative': Начальный баланс не может быть отрицательным (передано: -100.0).
2026-09-20 19:29:05 [INFO] bank_account: Создан счет для владельца 'Test' с начальным балансом 1000.0 руб.
2026-09-20 19:29:05 [INFO] bank_account: Счет 'Test' пополнен на 500.0 руб. Текущий баланс: 1500.0 руб.
2026-09-20 19:29:05 [INFO] bank_account: Создан счет для владельца 'Test' с начальным балансом 1000.0 руб.
2026-09-20 19:29:05 [ERROR] bank_account: Ошибка пополнения счета 'Test': Сумма пополнения должна быть больше нуля (передано: -50.0).
2026-09-20 19:29:05 [INFO] bank_account: Создан счет для владельца 'Test' с начальным балансом 1000.0 руб.
2026-09-20 19:29:05 [INFO] bank_account: Со счета 'Test' снято 300.0 руб. Текущий баланс: 700.0 руб.
2026-09-20 19:29:05 [INFO] bank_account: Создан счет для владельца 'Test' с начальным балансом 1000.0 руб.
2026-09-20 19:29:05 [ERROR] bank_account: Ошибка снятия со счета 'Test': Недостаточно средств. Запрошено: 1500.0 руб., доступно: 1000.0 руб.
2026-09-20 19:29:05 [INFO] bank_account: Создан счет для владельца 'Test' с начальным балансом 1000.0 руб.
2026-09-20 19:29:05 [ERROR] bank_account: Ошибка снятия со счета 'Test': Сумма снятия должна быть больше нуля (передано: -100.0).
2026-09-20 19:29:05 [INFO] bank_account: Создан счет для владельца 'Test' с начальным балансом 1000.0 руб.
2026-09-20 19:29:05 [INFO] bank_account: Создан счет для владельца 'Test' с начальным балансом 1000.0 руб.
2026-09-20 19:29:05 [INFO] bank_account: Создан счет для владельца 'Test' с начальным балансом 1000.0 руб.
2026-09-20 20:58:36 [INFO] bank_account: Создан счет для владельца 'Test' с начальным балансом 1000.0 руб.
2026-09-20 20:58:36 [INFO] bank_account: Создан счет для владельца 'Test' с начальным балансом 1000.0 руб.
2026-09-20 20:58:36 [INFO] bank_account: Счет 'Test' пополнен на 500.0 руб. Текущий баланс: 1500.0 руб.
2026-09-20 20:58:36 [INFO] bank_account: Создан счет для владельца 'Test' с начальным балансом 1000.0 руб.
2026-09-20 20:58:36 [INFO] bank_account: Со счета 'Test' снято 300.0 руб. Текущий баланс: 700.0 руб.
